[     216ms] [LOG] [Fast Refresh] rebuilding @ webpack-internal:///(app-pages-browser)/./node_modules/next/dist/client/components/react-dev-overlay/app/hot-reloader-client.js:186
[    3836ms] [LOG] [Fast Refresh] done in 3620ms @ webpack-internal:///(app-pages-browser)/./node_modules/next/dist/client/components/react-dev-overlay/app/hot-reloader-client.js:43
[    4941ms] [ERROR] Failed to load resource: the server responded with a status of 500 (Internal Server Error) @ http://127.0.0.1:3000/:0
[    5387ms] [INFO] %cDownload the React DevTools for a better development experience: https://reactjs.org/link/react-devtools font-weight:bold @ webpack-internal:///./node_modules/react-dom/cjs/react-dom.development.js:29889
[    5647ms] Error: Cannot find module './991.js'
Require stack:
- C:\rafe\csca\.next\server\webpack-runtime.js
- C:\rafe\csca\.next\server\app\plan\page.js
- C:\rafe\csca\node_modules\next\dist\server\require.js
- C:\rafe\csca\node_modules\next\dist\server\load-components.js
- C:\rafe\csca\node_modules\next\dist\build\utils.js
- C:\rafe\csca\node_modules\next\dist\server\dev\hot-middleware.js
- C:\rafe\csca\node_modules\next\dist\server\dev\hot-reloader-webpack.js
- C:\rafe\csca\node_modules\next\dist\server\lib\router-utils\setup-dev-bundler.js
- C:\rafe\csca\node_modules\next\dist\server\lib\router-server.js
- C:\rafe\csca\node_modules\next\dist\server\lib\start-server.js
    at Module.<anonymous> (node:internal/modules/cjs/loader:1517:15)
    at <unknown> (file://C:\rafe\csca\node_modules\next\dist\server\require-hook.js:55:36)
    at wrapResolveFilename (node:internal/modules/cjs/loader:1071:27)
    at defaultResolveImplForCJSLoading (node:internal/modules/cjs/loader:1095:10)
    at resolveForCJSWithHooks (node:internal/modules/cjs/loader:1122:12)
    at Module._load (node:internal/modules/cjs/loader:1294:5)
    at wrapModuleLoad (node:internal/modules/cjs/loader:255:19)
    at Module.<anonymous> (node:internal/modules/cjs/loader:1617:12)
    at mod.require (file://C:\rafe\csca\node_modules\next\dist\server\require-hook.js:65:28)
    at require (node:internal/modules/helpers:153:16)
    at __webpack_require__.f.require (file://C:\rafe\csca\.next\server\webpack-runtime.js:198:28)
    at <unknown> (file://C:\rafe\csca\.next\server\webpack-runtime.js:111:40)
    at Array.reduce (<anonymous>)
    at __webpack_require__.e (file://C:\rafe\csca\.next\server\webpack-runtime.js:110:67)
    at Array.map (<anonymous>)
    at __webpack_require__.X (file://C:\rafe\csca\.next\server\webpack-runtime.js:162:22)
    at <unknown> (file://C:\rafe\csca\.next\server\app\page.js:1:19186)
    at Object.<anonymous> (file://C:\rafe\csca\.next\server\app\page.js:1:19227)
    at Module._compile (node:internal/modules/cjs/loader:1872:14)
    at Object..js (node:internal/modules/cjs/loader:2003:10)
    at Module.load (node:internal/modules/cjs/loader:1594:32)
    at Module._load (node:internal/modules/cjs/loader:1396:12)
    at wrapModuleLoad (node:internal/modules/cjs/loader:255:19)
    at Module.<anonymous> (node:internal/modules/cjs/loader:1617:12)
    at mod.require (file://C:\rafe\csca\node_modules\next\dist\server\require-hook.js:65:28)
    at require (node:internal/modules/helpers:153:16)
    at requirePage (file://C:\rafe\csca\node_modules\next\dist\server\require.js:109:84)
    at <unknown> (file://C:\rafe\csca\node_modules\next\dist\server\load-components.js:103:84)
    at async loadComponentsImpl (file://C:\rafe\csca\node_modules\next\dist\server\load-components.js:103:26)
    at async DevServer.findPageComponentsImpl (file://C:\rafe\csca\node_modules\next\dist\server\next-server.js:714:36)
    at async DevServer.findPageComponents (file://C:\rafe\csca\node_modules\next\dist\server\dev\next-dev-server.js:577:20)
    at async DevServer.renderPageComponent (file://C:\rafe\csca\node_modules\next\dist\server\base-server.js:1910:24)
    at async DevServer.renderToResponseImpl (file://C:\rafe\csca\node_modules\next\dist\server\base-server.js:1962:32)
    at async DevServer.pipeImpl (file://C:\rafe\csca\node_modules\next\dist\server\base-server.js:922:25)
    at async NextNodeServer.handleCatchallRenderRequest (file://C:\rafe\csca\node_modules\next\dist\server\next-server.js:272:17)
    at async DevServer.handleRequestImpl (file://C:\rafe\csca\node_modules\next\dist\server\base-server.js:818:17)
    at async (file://C:\rafe\csca\node_modules\next\dist\server\dev\next-dev-server.js:339:20)
    at async Span.traceAsyncFn (file://C:\rafe\csca\node_modules\next\dist\trace\trace.js:154:20)
    at async DevServer.handleRequest (file://C:\rafe\csca\node_modules\next\dist\server\dev\next-dev-server.js:336:24)
    at async invokeRender (file://C:\rafe\csca\node_modules\next\dist\server\lib\router-server.js:179:21)
    at async handleRequest (file://C:\rafe\csca\node_modules\next\dist\server\lib\router-server.js:359:24)
    at async requestHandlerImpl (file://C:\rafe\csca\node_modules\next\dist\server\lib\router-server.js:383:13)
    at async Server.requestListener (file://C:\rafe\csca\node_modules\next\dist\server\lib\start-server.js:141:13)
[    5506ms] [LOG] [HMR] connected @ webpack-internal:///./node_modules/next/dist/client/components/react-dev-overlay/pages/websocket.js:38
[   27482ms] [ERROR] WebSocket connection to 'ws://127.0.0.1:3000/_next/webpack-hmr' failed: Error in connection establishment: net::ERR_CONNECTION_REFUSED @ webpack-internal:///./node_modules/next/dist/client/components/react-dev-overlay/pages/websocket.js:63
[   30526ms] [ERROR] WebSocket connection to 'ws://127.0.0.1:3000/_next/webpack-hmr' failed: Error in connection establishment: net::ERR_CONNECTION_REFUSED @ webpack-internal:///./node_modules/next/dist/client/components/react-dev-overlay/pages/websocket.js:63
[   34442ms] [LOG] [HMR] connected @ webpack-internal:///./node_modules/next/dist/client/components/react-dev-overlay/pages/websocket.js:38
[   34494ms] [LOG] [Fast Refresh] rebuilding @ webpack-internal:///./node_modules/next/dist/client/components/react-dev-overlay/pages/hot-reloader-client.js:221
[   38220ms] [LOG] [Fast Refresh] rebuilding @ webpack-internal:///./node_modules/next/dist/client/components/react-dev-overlay/pages/hot-reloader-client.js:221
[   49821ms] [ERROR] Failed to load resource: the server responded with a status of 404 (Not Found) @ http://127.0.0.1:3000/_next/static/webpack/46cff3b1054b7a9c.webpack.hot-update.json:0
[   49822ms] [WARNING] [Fast Refresh] performing full reload because your application had an unrecoverable error @ webpack-internal:///./node_modules/next/dist/client/components/react-dev-overlay/pages/hot-reloader-client.js:349
[   50672ms] [INFO] %cDownload the React DevTools for a better development experience: https://reactjs.org/link/react-devtools font-weight:bold @ webpack-internal:///(app-pages-browser)/./node_modules/next/dist/compiled/react-dom/cjs/react-dom.development.js:38559
